[2026-05-11T19:38:14.729+0100][0.025s][info][gc] Using The Z Garbage Collector
[2026-05-11T19:38:20.472+0100][5.768s][info][gc] GC(0) Garbage Collection (Warmup) 898M(11%)->1022M(12%)
[2026-05-11T19:38:21.752+0100][7.047s][info][gc] GC(1) Garbage Collection (Warmup) 1758M(21%)->2102M(26%)
[2026-05-11T19:38:22.379+0100][7.675s][info][gc] GC(2) Garbage Collection (Warmup) 2460M(30%)->1504M(18%)
[2026-05-11T19:38:24.102+0100][9.398s][info][gc] GC(3) Garbage Collection (System.gc()) 3262M(40%)->1360M(17%)
[2026-05-11T19:38:24.999+0100][10.295s][info][gc] GC(4) Garbage Collection (System.gc()) 2310M(28%)->1364M(17%)
[2026-05-11T19:38:25.907+0100][11.203s][info][gc] GC(5) Garbage Collection (System.gc()) 2314M(28%)->1358M(17%)
[2026-05-11T19:38:26.867+0100][12.162s][info][gc] GC(6) Garbage Collection (System.gc()) 2314M(28%)->1358M(17%)
[2026-05-11T19:38:27.781+0100][13.077s][info][gc] GC(7) Garbage Collection (System.gc()) 2312M(28%)->1358M(17%)
[2026-05-11T19:38:28.708+0100][14.004s][info][gc] GC(8) Garbage Collection (System.gc()) 2312M(28%)->1360M(17%)
[2026-05-11T19:38:32.296+0100][17.591s][info][gc] GC(9) Garbage Collection (System.gc()) 5678M(69%)->1368M(17%)
[2026-05-11T19:38:33.009+0100][18.304s][info][gc] GC(10) Garbage Collection (System.gc()) 2324M(28%)->1358M(17%)
[2026-05-11T19:38:33.968+0100][19.263s][info][gc] GC(11) Garbage Collection (Allocation Rate) 2310M(28%)->2320M(28%)
[2026-05-11T19:38:34.180+0100][19.476s][info][gc] GC(12) Garbage Collection (System.gc()) 2320M(28%)->1360M(17%)
[2026-05-11T19:38:34.703+0100][19.999s][info][gc] GC(13) Garbage Collection (System.gc()) 2324M(28%)->1364M(17%)
[2026-05-11T19:38:35.229+0100][20.524s][info][gc] GC(14) Garbage Collection (System.gc()) 2326M(28%)->1358M(17%)
[2026-05-11T19:38:35.750+0100][21.045s][info][gc] GC(15) Garbage Collection (System.gc()) 2322M(28%)->1364M(17%)
[2026-05-11T19:38:38.207+0100][23.503s][info][gc] GC(16) Garbage Collection (Allocation Rate) 5304M(65%)->2320M(28%)
[2026-05-11T19:38:38.514+0100][23.809s][info][gc] GC(17) Garbage Collection (System.gc()) 2320M(28%)->1358M(17%)
[2026-05-11T19:38:38.822+0100][24.118s][info][gc] GC(18) Garbage Collection (Allocation Rate) 1358M(17%)->1846M(23%)
[2026-05-11T19:38:39.090+0100][24.386s][info][gc] GC(19) Garbage Collection (System.gc()) 2318M(28%)->1360M(17%)
[2026-05-11T19:38:39.630+0100][24.926s][info][gc] GC(20) Garbage Collection (System.gc()) 2320M(28%)->1360M(17%)
[2026-05-11T19:38:40.158+0100][25.454s][info][gc] GC(21) Garbage Collection (System.gc()) 2322M(28%)->1360M(17%)
[2026-05-11T19:38:40.688+0100][25.983s][info][gc] GC(22) Garbage Collection (System.gc()) 2318M(28%)->1360M(17%)
[2026-05-11T19:38:41.210+0100][26.506s][info][gc] GC(23) Garbage Collection (System.gc()) 2322M(28%)->1360M(17%)
[2026-05-11T19:38:43.303+0100][28.599s][info][gc] GC(24) Garbage Collection (System.gc()) 5678M(69%)->1360M(17%)
[2026-05-11T19:38:43.977+0100][29.272s][info][gc] GC(25) Garbage Collection (System.gc()) 2316M(28%)->1362M(17%)
[2026-05-11T19:38:44.507+0100][29.803s][info][gc] GC(26) Garbage Collection (System.gc()) 2318M(28%)->1358M(17%)
[2026-05-11T19:38:45.032+0100][30.327s][info][gc] GC(27) Garbage Collection (System.gc()) 2316M(28%)->1362M(17%)
[2026-05-11T19:38:45.561+0100][30.857s][info][gc] GC(28) Garbage Collection (System.gc()) 2318M(28%)->1358M(17%)
[2026-05-11T19:38:46.093+0100][31.388s][info][gc] GC(29) Garbage Collection (System.gc()) 2318M(28%)->1360M(17%)
[2026-05-11T19:38:48.256+0100][33.552s][info][gc] GC(30) Garbage Collection (Allocation Rate) 5612M(69%)->2322M(28%)
[2026-05-11T19:38:48.527+0100][33.822s][info][gc] GC(31) Garbage Collection (System.gc()) 2322M(28%)->1362M(17%)
[2026-05-11T19:38:49.096+0100][34.392s][info][gc] GC(32) Garbage Collection (System.gc()) 2322M(28%)->1368M(17%)
[2026-05-11T19:38:49.636+0100][34.932s][info][gc] GC(33) Garbage Collection (System.gc()) 2324M(28%)->1362M(17%)
[2026-05-11T19:38:50.175+0100][35.470s][info][gc] GC(34) Garbage Collection (System.gc()) 2322M(28%)->1366M(17%)
[2026-05-11T19:38:50.713+0100][36.009s][info][gc] GC(35) Garbage Collection (System.gc()) 2326M(28%)->1362M(17%)
[2026-05-11T19:38:51.254+0100][36.550s][info][gc] GC(36) Garbage Collection (System.gc()) 2322M(28%)->1366M(17%)
[2026-05-11T19:38:53.505+0100][38.800s][info][gc] GC(37) Garbage Collection (System.gc()) 4468M(55%)->14M(0%)
[2026-05-11T19:38:55.459+0100][40.755s][info][gc] GC(38) Garbage Collection (System.gc()) 3116M(38%)->12M(0%)
[2026-05-11T19:38:57.552+0100][42.848s][info][gc] GC(39) Garbage Collection (System.gc()) 3110M(38%)->1368M(17%)
[2026-05-11T19:38:59.677+0100][44.973s][info][gc] GC(40) Garbage Collection (Allocation Rate) 4128M(50%)->4064M(50%)
[2026-05-11T19:39:00.188+0100][45.484s][info][gc] GC(41) Garbage Collection (System.gc()) 4064M(50%)->2714M(33%)
[2026-05-11T19:39:00.678+0100][45.974s][info][gc] GC(42) Garbage Collection (Allocation Rate) 2714M(33%)->3116M(38%)
[2026-05-11T19:39:02.063+0100][47.358s][info][gc] GC(43) Garbage Collection (Allocation Rate) 4314M(53%)->5330M(65%)
[2026-05-11T19:39:02.746+0100][48.042s][info][gc] GC(44) Garbage Collection (Allocation Rate) Aborted
